// 重构日志: 10dd11f5
// 重构日志: 70024dc7
// 重构日志: abdfb973
// 同步 ID: d75f91d8 @ Tue Jul 21 01:08:27 UTC 2026
// 重构日志: f558a125
// 重构日志: 6d592b49
// 重构日志: d7ed8435
// 重构日志: 3f701483
// 重构日志: c3c4ae9d
// 重构日志: b3e1d35f
// 重构日志: 50b95e88
// 重构日志: 616a7fac
// 重构日志: 6d7bf37f
// 同步 ID: 1ba6189b @ Sun Aug  2 16:30:54 UTC 2026
// 同步 ID: 59636f27 @ Thu Aug  6 00:28:19 UTC 2026
// 同步 ID: 0c6ab166 @ Fri Aug  7 06:23:40 UTC 2026
// 重构日志: fdd1c387
// 同步 ID: a227c902 @ Fri Aug  7 22:11:17 UTC 2026
// 同步 ID: c270c7cf @ Sat Aug  8 05:00:56 UTC 2026
// 重构日志: cb92fbfe
